main.c:79:6:delay_us	16	static
main.c:83:6:HCSR04_Read	8	static
main.c:98:6:HAL_TIM_IC_CaptureCallback	16	static
main.c:127:6:LDR_Read	8	static
main.c:133:6:PIR_Read	8	static
main.c:139:6:print	16	static
main.c:142:6:print2	16	static
main.c:153:5:main	368	static
main.c:241:6:SystemClock_Config	88	static
main.c:286:13:MX_ADC1_Init	24	static
main.c:336:13:MX_TIM3_Init	32	static
main.c:381:13:MX_TIM4_Init	32	static
main.c:429:13:MX_USART1_UART_Init	8	static
main.c:462:13:MX_USART2_UART_Init	8	static
main.c:495:13:MX_GPIO_Init	48	static
main.c:537:6:Error_Handler	4	static,ignoring_inline_asm
